// Jest Snapshot v1, https://goo.gl/fbAQLP

exports[`PasswordInput component default renders correctly 1`] = `
<styled.div>
  <styled.input
    borderColor="grey100"
    focusedBorderColor="blue600"
    onBlur={[Function]}
    onFocus={[Function]}
  />
  <styled.div
    borderColor="grey100"
    focusedBorderColor="blue600"
    isFocused={false}
    onClick={[Function]}
  >
    <Memo()
      color="grey400"
      label="show password"
      size="md"
    >
      <SvgIconVisibilityOn />
    </Memo()>
  </styled.div>
</styled.div>
`;
