// Jest Snapshot v1, https://goo.gl/fbAQLP

exports[`renders correctly 1`] = `
<styled.section>
  <styled.div
    onClick={[Function]}
  >
    <Memo()
      color="white060"
      label="Icon Activity"
      size="md"
    >
      <SvgIconArrowLeft />
    </Memo()>
  </styled.div>
  <SelectAccount
    setFundingStep={[Function]}
  />
</styled.section>
`;
