// Jest Snapshot v1, https://goo.gl/fbAQLP

exports[`Recent extension tab Recent tab renders correctly 1`] = `
<styled.div>
  <WalletItem
    key="J4Pd7dB08D75679bbE90b7B1eDfB8BE3a16897Ee77"
    walletAddress="J4Pd7dB08D75679bbE90b7B1eDfB8BE3a16897Ee77"
  />
  <WalletItem
    key="J4Ad7dB08D75679bbE90b7B1eDfB8BE3a16897Ee77"
    walletAddress="J4Ad7dB08D75679bbE90b7B1eDfB8BE3a16897Ee77"
  />
</styled.div>
`;
