// Jest Snapshot v1, https://goo.gl/fbAQLP

exports[`Success renders correctly 1`] = `
<Fragment>
  <styled.div>
    <Memo()
      color="blue300"
      label="icon Check"
      size="lg"
    >
      <SvgIconCheck />
    </Memo()>
    <Styled(Text)>
      Success! 
      <br />
      Your funds are now available
    </Styled(Text)>
  </styled.div>
  <Styled(Link)
    style={
      Object {
        "width": "unset",
      }
    }
    to="/extension/home"
  >
    Continue
  </Styled(Link)>
</Fragment>
`;
