// Jest Snapshot v1, https://goo.gl/fbAQLP

exports[`SelectAccount renders correctly 1`] = `
<styled.div>
  <styled.div>
    <SvgIconClose
      color="#ffffff"
      height="24px"
      width="24px"
    />
  </styled.div>
  <Text
    altFont={false}
    capitalize={false}
    color="white"
    cursor="inherit"
    italic={false}
    lineHeight="inherit"
    opacity={1}
    size="20px"
    style={
      Object {
        "marginBottom": "36px",
        "marginTop": "30px",
      }
    }
    uppercase={false}
    weight={500}
  >
    Select account
  </Text>
  <Account
    account={
      SwapAccountType {
        "accountIndex": 0,
        "address": "0xb0106c26a6CfbAFB372e317f1a535304F69D3968",
        "archived": false,
        "balance": "5.20018653",
        "baseCoin": "Ethereum",
        "coin": "ETH",
        "index": 0,
        "label": "Ethereum account",
        "type": "CUSTODIAL",
      }
    }
    activeAccountIndex={0}
    key="0"
    setActiveAccountIndex={[Function]}
  />
  <Account
    account={
      SwapAccountType {
        "accountIndex": 1,
        "address": "0xb0106c26a6CfbAFB372e317f1a535304F69D3968",
        "archived": false,
        "balance": "0.20018653",
        "baseCoin": "Bitcoin",
        "coin": "BTC",
        "index": 0,
        "label": "Bitcoin account",
        "type": "CUSTODIAL",
      }
    }
    activeAccountIndex={0}
    key="1"
    setActiveAccountIndex={[Function]}
  />
  <Button
    bold={false}
    capitalize={true}
    color="#0E121B"
    data-e2e="s"
    disabled={false}
    fullwidth={true}
    height="48px"
    nature="empty"
    rounded={false}
    size="16px"
    small={false}
    style={
      Object {
        "backgroundColor": "#65A5FF",
        "border": "none",
        "marginTop": "158px",
      }
    }
    uppercase={false}
  >
    Import account
  </Button>
</styled.div>
`;
