// Jest Snapshot v1, https://goo.gl/fbAQLP

exports[`Account Should copy wallet address after click 1`] = `
<styled.div
  className="account"
  key="0"
  onClick={[Function]}
>
  <IconEthereum />
  <styled.div>
    <Text
      altFont={false}
      capitalize={false}
      color="grey700"
      cursor="inherit"
      italic={false}
      lineHeight="inherit"
      opacity={1}
      size="12px"
      style={
        Object {
          "color": "#98A1B2",
          "lineHeight": "150%",
        }
      }
      uppercase={false}
      weight={500}
    >
      Ethereum account
    </Text>
    <styled.div
      className="wallet-address"
      onClick={[Function]}
    >
      <Text
        altFont={false}
        capitalize={false}
        color="white"
        cursor="inherit"
        italic={false}
        lineHeight="inherit"
        opacity={1}
        size="14px"
        style={
          Object {
            "lineHeight": "150%",
          }
        }
        uppercase={false}
        weight={500}
      >
        0xb0...3968
      </Text>
      <SvgIconCopy
        color="#ffffff"
        height="12px"
        style={
          Object {
            "paddingLeft": "5px",
          }
        }
        width="12px"
      />
    </styled.div>
    <Text
      altFont={false}
      capitalize={false}
      color="white"
      cursor="inherit"
      italic={false}
      lineHeight="inherit"
      opacity={1}
      size="14px"
      style={
        Object {
          "lineHeight": "150%",
        }
      }
      uppercase={false}
      weight={500}
    >
      5.02
       
      ETH
    </Text>
    <Text
      altFont={false}
      capitalize={false}
      color="grey700"
      cursor="inherit"
      italic={false}
      lineHeight="inherit"
      opacity={1}
      size="12px"
      style={
        Object {
          "color": "#98A1B2",
          "lineHeight": "150%",
        }
      }
      uppercase={false}
      weight={500}
    >
      $5,225.01
    </Text>
  </styled.div>
</styled.div>
`;

exports[`Account renders correctly 1`] = `
<styled.div
  className="account"
  key="0"
  onClick={[Function]}
>
  <IconEthereum />
  <styled.div>
    <Text
      altFont={false}
      capitalize={false}
      color="grey700"
      cursor="inherit"
      italic={false}
      lineHeight="inherit"
      opacity={1}
      size="12px"
      style={
        Object {
          "color": "#98A1B2",
          "lineHeight": "150%",
        }
      }
      uppercase={false}
      weight={500}
    >
      Ethereum account
    </Text>
    <styled.div
      className="wallet-address"
      onClick={[Function]}
    >
      <Text
        altFont={false}
        capitalize={false}
        color="white"
        cursor="inherit"
        italic={false}
        lineHeight="inherit"
        opacity={1}
        size="14px"
        style={
          Object {
            "lineHeight": "150%",
          }
        }
        uppercase={false}
        weight={500}
      >
        0xb0...3968
      </Text>
      <SvgIconCopy
        color="#ffffff"
        height="12px"
        style={
          Object {
            "paddingLeft": "5px",
          }
        }
        width="12px"
      />
    </styled.div>
    <Text
      altFont={false}
      capitalize={false}
      color="white"
      cursor="inherit"
      italic={false}
      lineHeight="inherit"
      opacity={1}
      size="14px"
      style={
        Object {
          "lineHeight": "150%",
        }
      }
      uppercase={false}
      weight={500}
    >
      5.02
       
      ETH
    </Text>
    <Text
      altFont={false}
      capitalize={false}
      color="grey700"
      cursor="inherit"
      italic={false}
      lineHeight="inherit"
      opacity={1}
      size="12px"
      style={
        Object {
          "color": "#98A1B2",
          "lineHeight": "150%",
        }
      }
      uppercase={false}
      weight={500}
    >
      $5,225.01
    </Text>
  </styled.div>
</styled.div>
`;
